// Jest Snapshot v1, https://goo.gl/fbAQLP

exports[`should render CatalogPure correctly with minimum props 1`] = `
<Memo(CatalogItem)
  key="910244132"
  linkUri="https://registrering.staging.fellesdatakatalog.digdir.no/catalogs/910244132/datasets"
  type="datasets"
/>
`;

exports[`should render CatalogPure correctly with one dataset item 1`] = `
<Memo(CatalogItem)
  key="910244132"
  linkUri="https://registrering.staging.fellesdatakatalog.digdir.no/catalogs/910244132/datasets"
  type="datasets"
/>
`;
